Copyright 1986-2015 Xilinx, Inc. All Rights Reserved.
------------------------------------------------------------------------------------
| Tool Version : Vivado v.2015.4 (lin64) Build 1412921 Wed Nov 18 09:44:32 MST 2015
| Date         : Fri May 22 22:40:11 2020
| Host         : pn1714380.lanl.gov running 64-bit unknown
| Command      : report_drc
------------------------------------------------------------------------------------

Report DRC

Table of Contents
-----------------
1. REPORT SUMMARY
2. REPORT DETAILS

1. REPORT SUMMARY
-----------------
            Netlist: netlist
          Floorplan: design_1
      Design limits: <entire design considered>
           Ruledeck: default
             Max violations: <unlimited>
             Violations found: 3

2. REPORT DETAILS
-----------------
CFGBVS-1#1 Warning
Missing CFGBVS and CONFIG_VOLTAGE Design Properties  
Neither the CFGBVS nor CONFIG_VOLTAGE voltage property is set in the current_design.  Configuration bank voltage select (CFGBVS) must be set to VCCO or GND, and CONFIG_VOLTAGE must be set to the correct configuration voltage, in order to determine the I/O voltage support for the pins in bank 0.  It is suggested to specify these either using the 'Edit Device Properties' function in the GUI or directly in the XDC file using the following syntax:

 set_property CFGBVS value1 [current_design]
 #where value1 is either VCCO or GND

 set_property CONFIG_VOLTAGE value2 [current_design]
 #where value2 is the voltage provided to configuration bank 0

Refer to the device configuration user guide for more information.
Related violations: <none>

XDCB-1#1 Warning
Runtime intensive exceptions  
The following constraint contains more than 1000 objects. To preserve runtime and memory performance, it is recommended to include minimum number of objects. Check whether this list can be simplified.
-from = 1392
set_false_path -from [get_pins -hierarchical -filter {NAME =~ *allx_typeA_match_detection.ltlib_v1_0_0_allx_typeA_inst/DUT/I_WHOLE_SLICE.G_SLICE_IDX[*...
/home/l329869/vhdl_tutorial/debug_tutorial/test_projects/lab1_prj/lab1_prj.runs/impl_1/.Xil/Vivado-27473-pn1714380.lanl.gov/u_ila_0_CV.0/out/ila.xdc (Line: 32)
Related violations: <none>

XDCB-4#1 Warning
create_clock constraint set on both sides of diff pair port  
Two clock definitions CLK_P and CLK_N found on differential ports CLK_P and CLK_N. It is recommended to only create a clock on port P.
create_clock -period 5.000 -name CLK_P [get_ports CLK_P]
/home/l329869/vhdl_tutorial/debug_tutorial/test_projects/lab1_prj/lab1_prj.srcs/constrs_1/imports/lab1/sinegen_demo_kc705.xdc (Line: 34)
create_clock -period 5.000 -name CLK_N [get_ports CLK_N]
/home/l329869/vhdl_tutorial/debug_tutorial/test_projects/lab1_prj/lab1_prj.srcs/constrs_1/imports/lab1/sinegen_demo_kc705.xdc (Line: 35)
Related violations: <none>


